exports[`test should have a product list 1`] = `null`;
